// Jest Snapshot v1, https://goo.gl/fbAQLP

exports[`PickupPointDetails should render self and components 1`] = `
<div
  className="modalDetails pkpmodal-details"
>
  <div
    className="modalDetailsTop pkpmodal-details-top"
  >
    <button
      className="modalDetailsBackLnk pkpmodal-details-back-lnk btn btn-link"
      onClick={[Function]}
      type="button"
    >
      <svg
        className="backChevron"
        fill="none"
        height="14"
        viewBox="0 0 10 14"
        width="10"
        xmlns="http://www.w3.org/2000/svg"
      >
        <path
          d="M0.75845 7.72356C0.345468 7.32958 0.345467 6.67042 0.758449 6.27644L7.33764 0L9.23999 1.81481L3.8047 7L9.23999 12.1852L7.33764 14L0.75845 7.72356Z"
          fill="#4C8EEF"
        />
      </svg>
      See all Pick Up In Store sites
    </button>
  </div>
  <div
    className="pickupDetailsHeader pkpmodal-details-header"
  >
    <p
      className="pickupDetailsHeaderTitle pkpmodal-details-header-title"
    >
      Pick Up In Store details
    </p>
    <div
      className="pickupDetailsHeaderButtons pkpmodal-details-header-buttons"
    >
      <button
        className="pickupDetailsHeaderButton  pkpmodal-details-header-button"
        data-testid="goToPreviousPickupPoint"
        onClick={[Function]}
      >
        <svg
          fill="none"
          height="11"
          viewBox="0 0 16 11"
          width="16"
          xmlns="http://www.w3.org/2000/svg"
        >
          <path
            d="M0.249779 5.5C0.249779 5.75781 0.333112 5.92969 0.499779 6.10156L5.24978 11L6.41644 9.79687L3.08311 6.35938L15.75 6.35938V4.64063L3.08311 4.64063L6.41644 1.20313L5.24978 0L0.499779 4.89844C0.333112 5.07031 0.249779 5.24219 0.249779 5.5Z"
            fill="currentColor"
          />
        </svg>
      </button>
      <button
        className="pickupDetailsHeaderButton firstOrLast pkpmodal-details-header-button"
        data-testid="goToNextPickupPoint"
        onClick={[Function]}
      >
        <svg
          fill="none"
          height="11"
          viewBox="0 0 16 11"
          width="16"
          xmlns="http://www.w3.org/2000/svg"
        >
          <path
            d="M15.7502 5.5C15.7502 5.24219 15.6669 5.07031 15.5002 4.89844L10.7502 9.53674e-07L9.58356 1.20313L12.9169 4.64063L0.25 4.64062L0.25 6.35937L12.9169 6.35938L9.58356 9.79688L10.7502 11L15.5002 6.10156C15.6669 5.92969 15.7502 5.75781 15.7502 5.5Z"
            fill="currentColor"
          />
        </svg>
      </button>
    </div>
  </div>
  <div
    className="modalDetailsMiddle pkpmodal-details-middle"
  >
    <div
      className="modalDetailsStore pkpmodal-details-store"
    >
      <div
        className="pickupPoint pkpmodal-pickup-point"
        id="1"
        onClick={[Function]}
        onKeyDown={[Function]}
        role="link"
        tabIndex={0}
      >
        <div
          className="pickupPointMain pkpmodal-pickup-point-main"
          onMouseEnter={[Function]}
          onMouseLeave={[Function]}
        >
          <div
            className="pickupPointMarkerPostalCode pkpmodal-pickup-point-marker"
          >
            <svg
              className="pkpmodal-pickup-point-marker-image"
              fill="none"
              height="31"
              viewBox="0 0 25 31"
              width="25"
              xmlns="http://www.w3.org/2000/svg"
            >
              <path
                d="M19.4917 21.8169L19.4918 21.8169L19.4967 21.8096C19.5843 21.6782 19.6709 21.5485 19.7564 21.4204C22.0478 17.9883 23.5645 15.7165 23.5645 12.0323C23.5645 5.66317 18.4013 0.5 12.0323 0.5C5.66317 0.5 0.5 5.66317 0.5 12.0323C0.5 16.0417 3.05396 20.0158 5.20313 22.7599C6.56216 24.4952 9.21424 27.6986 11.703 29.8763L12.0323 30.1644L12.3615 29.8763C14.8402 27.7075 16.7075 25.8386 19.4917 21.8169Z"
                fill="#42597D"
                stroke="white"
              />
              <circle
                cx="12.3386"
                cy="12.3387"
                fill="white"
                r="3.98387"
              />
            </svg>
          </div>
          <div
            className="pickupPointInfo pkpmodal-pickup-point-info"
          >
            <p
              className="pickupPointName pkpmodal-pickup-point-name"
            >
              Loja VTEX
            </p>
            <div
              className="pickupPointAddress pkpmodal-pickup-point-address "
            >
              <div
                className="address-summary address-summary-BRA"
              >
                <br
                  className="line1-delimiter"
                />
                <span
                  className="country"
                >
                  BRA
                </span>
              </div>
            </div>
            <span
              className="pickupPointAllAvailable pkpmodal-pickup-point-available"
            >
              All products are available
            </span>
          </div>
        </div>
        <div
          className="pickupPointSlaAvailabilityPostalCode pkpmodal-pickup-point-sla-availability"
        >
          <span
            className="pickupPointPrice pkpmodal-pickup-point-price"
          >
            R$ 1,00
          </span>
          <span
            className="pickupPointSla pkpmodal-pickup-point-sla"
          >
            TranslateEstimate
          </span>
        </div>
      </div>
    </div>
    <div
      className="modalDetailsInfo pkpmodal-details-info"
    >
      <div
        className="modalDetailsGroup pkpmodal-details-group"
      >
        <h3
          className="modalDetailsInfoTitle title pkpmodal-details-info-title"
        >
          Available products for pickup
        </h3>
        <div
          className="productItems pkpmodal-product-items"
        >
          <span
            className="productItem pkpmodal-product-item false"
            data-tip="test"
          >
            <img
              alt="test"
              data-tip="test"
              src="teste.png"
            />
            <div
              className="__react_component_tooltip place-top type-dark "
              data-id="tooltip"
            />
          </span>
          <span
            className="productItem pkpmodal-product-item false"
            data-tip="test2"
          >
            <img
              alt="test2"
              data-tip="test2"
              src="teste.png"
            />
            <div
              className="__react_component_tooltip place-top type-dark "
              data-id="tooltip"
            />
          </span>
        </div>
        <div
          className="productItems pkpmodal-product-items"
        />
      </div>
      <div
        className="modalDetailsGroup pkpmodal-details-group"
      >
        <h3
          className="modalDetailsInfoTitle pkpmodal-details-info-title"
        >
          Business Hours
        </h3>
        <table
          className="modalDetailsHours pkpmodal-details-hours"
        >
          <tbody>
            <tr>
              <td
                className="modalDetailsHoursDay pkpmodal-details-hours-day"
              >
                Monday to Friday
              </td>
              <td
                className="modalDetailsHoursClosed pkpmodal-details-hours-closed"
              >
                Closed
              </td>
            </tr>
            <tr>
              <td
                className="modalDetailsHoursDay pkpmodal-details-hours-day"
              >
                Saturday
              </td>
              <td
                className="modalDetailsHoursRange pkpmodal-details-hours-range"
              >
                <span>
                  03:00
                </span>
                 
                -
                 
                <span>
                  11:30
                </span>
              </td>
            </tr>
            <tr>
              <td
                className="modalDetailsHoursDay pkpmodal-details-hours-day"
              >
                Sunday
              </td>
              <td
                className="modalDetailsHoursRange pkpmodal-details-hours-range"
              >
                <span>
                  02:00
                </span>
                 
                -
                 
                <span>
                  14:00
                </span>
              </td>
            </tr>
          </tbody>
        </table>
      </div>
    </div>
  </div>
  <div
    className="modalDetailsBottom pkpmodal-details-bottom"
  >
    <button
      className="modalDetailConfirmBtn pkpmodal-details-confirm-btn btn pkp-modal-btn primary pkp-modal-btn-primary block pkp-modal-btn-block lg pkp-modal-btn-lg "
      id="confirm-pickup-1"
      onClick={[Function]}
      type="button"
    >
      Select this store
    </button>
  </div>
</div>
`;
